[INFO] Scanning for projects...
[INFO] 
[INFO] --------------------< com.mrs:movie-rating-backend >--------------------
[INFO] Building movie-rating-backend 0.0.1-SNAPSHOT
[INFO]   from pom.xml
[INFO] --------------------------------[ jar ]---------------------------------
[INFO] 
[INFO] >>> spring-boot:2.7.18:run (default-cli) > test-compile @ movie-rating-backend >>>
[WARNING] The artifact mysql:mysql-connector-java:jar:8.0.33 has been relocated to com.mysql:mysql-connector-j:jar:8.0.33: MySQL Connector/J artifacts moved to reverse-DNS compliant Maven 2+ coordinates.
[INFO] 
[INFO] --- resources:3.2.0:resources (default-resources) @ movie-rating-backend ---
[INFO] Using 'UTF-8' encoding to copy filtered resources.
[INFO] Using 'UTF-8' encoding to copy filtered properties files.
[INFO] Copying 2 resources
[INFO] Copying 6 resources
[INFO] 
[INFO] --- compiler:3.10.1:compile (default-compile) @ movie-rating-backend ---
[INFO] Changes detected - recompiling the module!
[INFO] Compiling 52 source files to D:\Project\DatabaseProject\Movie_Rating_Backend\target\classes
[INFO] 
[INFO] --- resources:3.2.0:testResources (default-testResources) @ movie-rating-backend ---
[INFO] Using 'UTF-8' encoding to copy filtered resources.
[INFO] Using 'UTF-8' encoding to copy filtered properties files.
[INFO] skip non existing resourceDirectory D:\Project\DatabaseProject\Movie_Rating_Backend\src\test\resources
[INFO] 
[INFO] --- compiler:3.10.1:testCompile (default-testCompile) @ movie-rating-backend ---
[INFO] Changes detected - recompiling the module!
[INFO] Compiling 1 source file to D:\Project\DatabaseProject\Movie_Rating_Backend\target\test-classes
[INFO] 
[INFO] <<< spring-boot:2.7.18:run (default-cli) < test-compile @ movie-rating-backend <<<
[INFO] 
[INFO] 
[INFO] --- spring-boot:2.7.18:run (default-cli) @ movie-rating-backend ---
[INFO] Attaching agents: []

  .   ____          _            __ _ _
 /\\ / ___'_ __ _ _(_)_ __  __ _ \ \ \ \
( ( )\___ | '_ | '_| | '_ \/ _` | \ \ \ \
 \\/  ___)| |_)| | | | | || (_| |  ) ) ) )
  '  |____| .__|_| |_|_| |_\__, | / / / /
 =========|_|==============|___/=/_/_/_/
 :: Spring Boot ::               (v2.7.18)

2026-08-27 14:40:55.377  INFO 2748 --- [           main] m.MovieRatingSystemApplication           : Starting MovieRatingSystemApplication using Java 21.0.6 on yellow-snake with PID 2748 (D:\Project\DatabaseProject\Movie_Rating_Backend\target\classes started by 18512 in D:\Project\DatabaseProject\Movie_Rating_Backend)
2026-08-27 14:40:55.378  INFO 2748 --- [           main] m.MovieRatingSystemApplication           : No active profile set, falling back to 1 default profile: "default"
2026-08-27 14:40:56.060  INFO 2748 --- [           main] o.s.b.w.embedded.tomcat.TomcatWebServer  : Tomcat initialized with port(s): 8088 (http)
2026-08-27 14:40:56.066  INFO 2748 --- [           main] o.apache.catalina.core.StandardService   : Starting service [Tomcat]
2026-08-27 14:40:56.067  INFO 2748 --- [           main] org.apache.catalina.core.StandardEngine  : Starting Servlet engine: [Apache Tomcat/9.0.83]
2026-08-27 14:40:56.125  INFO 2748 --- [           main] o.a.c.c.C.[Tomcat].[localhost].[/]       : Initializing Spring embedded WebApplicationContext
2026-08-27 14:40:56.125  INFO 2748 --- [           main] w.s.c.ServletWebServerApplicationContext : Root WebApplicationContext: initialization completed in 711 ms
2026-08-27 14:40:56.394  WARN 2748 --- [           main] c.b.m.core.metadata.TableInfoHelper      : Can not find table primary key in Class: "movie_rating_backend.entity.User".
2026-08-27 14:40:56.394  WARN 2748 --- [           main] c.b.m.core.injector.DefaultSqlInjector   : class movie_rating_backend.entity.User ,Not found @TableId annotation, Cannot use Mybatis-Plus 'xxById' Method.
 _ _   |_  _ _|_. ___ _ |    _ 
| | |\/|_)(_| | |_\  |_)||_|_\ 
     /               |         
                        3.5.3.1 
2026-08-27 14:40:56.516  WARN 2748 --- [           main] .s.s.UserDetailsServiceAutoConfiguration : 

Using generated security password: 5632d01a-77d1-4e59-ad7c-667298e31b86

This generated password is for development use only. Your security configuration must be updated before running your application in production.

2026-08-27 14:40:56.558  INFO 2748 --- [           main] o.s.s.web.DefaultSecurityFilterChain     : Will secure any request with [org.springframework.security.web.session.DisableEncodeUrlFilter@388c519, org.springframework.security.web.context.request.async.WebAsyncManagerIntegrationFilter@7fbd3e75, org.springframework.security.web.context.SecurityContextPersistenceFilter@7dee835, org.springframework.security.web.header.HeaderWriterFilter@245253d8, org.springframework.security.web.authentication.logout.LogoutFilter@63a9c661, org.springframework.security.web.savedrequest.RequestCacheAwareFilter@6e02721d, org.springframework.security.web.servletapi.SecurityContextHolderAwareRequestFilter@21ea996f, org.springframework.security.web.authentication.AnonymousAuthenticationFilter@198536f6, org.springframework.security.web.session.SessionManagementFilter@18a096b5, org.springframework.security.web.access.ExceptionTranslationFilter@385dfb63, org.springframework.security.web.access.intercept.AuthorizationFilter@1a1ccaaf]
2026-08-27 14:40:56.748  INFO 2748 --- [           main] o.s.b.w.embedded.tomcat.TomcatWebServer  : Tomcat started on port(s): 8088 (http) with context path ''
2026-08-27 14:40:56.753  INFO 2748 --- [           main] m.MovieRatingSystemApplication           : Started MovieRatingSystemApplication in 1.615 seconds (JVM running for 1.825)
2026-08-27 14:44:22.789  INFO 2748 --- [nio-8088-exec-1] o.a.c.c.C.[Tomcat].[localhost].[/]       : Initializing Spring DispatcherServlet 'dispatcherServlet'
2026-08-27 14:44:22.789  INFO 2748 --- [nio-8088-exec-1] o.s.web.servlet.DispatcherServlet        : Initializing Servlet 'dispatcherServlet'
2026-08-27 14:44:22.790  INFO 2748 --- [nio-8088-exec-1] o.s.web.servlet.DispatcherServlet        : Completed initialization in 1 ms
2026-08-27 14:44:22.830  INFO 2748 --- [nio-8088-exec-1] com.zaxxer.hikari.HikariDataSource       : HikariPool-1 - Starting...
2026-08-27 14:44:22.942  INFO 2748 --- [nio-8088-exec-1] com.zaxxer.hikari.HikariDataSource       : HikariPool-1 - Start completed.
[INFO] ------------------------------------------------------------------------
[INFO] BUILD FAILURE
[INFO] ------------------------------------------------------------------------
[INFO] Total time:  01:01 h
[INFO] Finished at: 2026-08-27T15:42:40+08:00
[INFO] ------------------------------------------------------------------------
[ERROR] Failed to execute goal org.springframework.boot:spring-boot-maven-plugin:2.7.18:run (default-cli) on project movie-rating-backend: Application finished with exit code: 1 -> [Help 1]
[ERROR] 
[ERROR] To see the full stack trace of the errors, re-run Maven with the -e switch.
[ERROR] Re-run Maven using the -X switch to enable full debug logging.
[ERROR] 
[ERROR] For more information about the errors and possible solutions, please read the following articles:
[ERROR] [Help 1] http://cwiki.apache.org/confluence/display/MAVEN/MojoExecutionException
